
> ghextractor@0.9.5 test
> vitest --reporter=verbose


[7m[1m[34m DEV [39m[22m[27m [34mv1.6.1[39m [90mC:/Users/LeSoviet/Documents/GitHub/GithubCLIExtractor[39m

 [32mΓ£ô[39m tests/unit/analytics/export-orchestrator.test.ts[2m > [22mExportOrchestrator[2m > [22mexport[2m > [22mshould export report in markdown format
 [32mΓ£ô[39m tests/unit/analytics/export-orchestrator.test.ts[2m > [22mExportOrchestrator[2m > [22mexport[2m > [22mshould export report in pdf format
 [32mΓ£ô[39m tests/unit/analytics/export-orchestrator.test.ts[2m > [22mExportOrchestrator[2m > [22mexport[2m > [22mshould export report in json format
 [32mΓ£ô[39m tests/unit/analytics/export-orchestrator.test.ts[2m > [22mExportOrchestrator[2m > [22mexport[2m > [22mshould export report in pdf format
 [32mΓ£ô[39m tests/unit/analytics/export-orchestrator.test.ts[2m > [22mExportOrchestrator[2m > [22mexport[2m > [22mshould handle directory creation failure
 [32mΓ£ô[39m tests/unit/analytics/export-orchestrator.test.ts[2m > [22mExportOrchestrator[2m > [22mexport[2m > [22mshould handle json format failure
 [32mΓ£ô[39m tests/unit/analytics/export-orchestrator.test.ts[2m > [22mExportOrchestrator[2m > [22mexport[2m > [22mshould use correct file path for json
 [32mΓ£ô[39m tests/unit/analytics/export-orchestrator.test.ts[2m > [22mExportOrchestrator[2m > [22mgetSummaryMessage[2m > [22mshould return success message for single export
 [32mΓ£ô[39m tests/unit/analytics/export-orchestrator.test.ts[2m > [22mExportOrchestrator[2m > [22mgetSummaryMessage[2m > [22mshould return success message for multiple exports
 [32mΓ£ô[39m tests/unit/analytics/export-orchestrator.test.ts[2m > [22mExportOrchestrator[2m > [22mgetSummaryMessage[2m > [22mshould return error message for failed export
 [32mΓ£ô[39m tests/unit/analytics/export-orchestrator.test.ts[2m > [22mExportOrchestrator[2m > [22mgetSummaryMessage[2m > [22mshould return error message with multiple failures
 [32mΓ£ô[39m tests/unit/analytics/export-orchestrator.test.ts[2m > [22mExportOrchestrator[2m > [22mgetExportedFiles[2m > [22mshould return file paths for successful exports
 [32mΓ£ô[39m tests/unit/analytics/export-orchestrator.test.ts[2m > [22mExportOrchestrator[2m > [22mgetExportedFiles[2m > [22mshould filter out failed exports
 [32mΓ£ô[39m tests/unit/analytics/export-orchestrator.test.ts[2m > [22mExportOrchestrator[2m > [22mgetExportedFiles[2m > [22mshould return empty array when all exports fail
 [32mΓ£ô[39m tests/unit/analytics/metrics-calculator.test.ts[2m > [22mMetricsCalculator[2m > [22mcalculateAll[2m > [22mshould calculate all metrics from report
 [32mΓ£ô[39m tests/unit/analytics/metrics-calculator.test.ts[2m > [22mMetricsCalculator[2m > [22mcalculatePrMergeRate[2m > [22mshould return PR merge rate from report
 [32mΓ£ô[39m tests/unit/analytics/metrics-calculator.test.ts[2m > [22mMetricsCalculator[2m > [22mcalculateReviewCoverage[2m > [22mshould return review coverage percentage from report
 [32mΓ£ô[39m tests/unit/analytics/metrics-calculator.test.ts[2m > [22mMetricsCalculator[2m > [22mcalculateActiveContributors[2m > [22mshould return active contributors from most recent period
 [32mΓ£ô[39m tests/unit/analytics/metrics-calculator.test.ts[2m > [22mMetricsCalculator[2m > [22mcalculateActiveContributors[2m > [22mshould return 0 if no active contributors data
 [32mΓ£ô[39m tests/unit/analytics/metrics-calculator.test.ts[2m > [22mMetricsCalculator[2m > [22mcalculateBusFactor[2m > [22mshould return bus factor from report
 [32mΓ£ô[39m tests/unit/analytics/metrics-calculator.test.ts[2m > [22mMetricsCalculator[2m > [22mcalculateReleases[2m > [22mshould return number of releases from report
 [32mΓ£ô[39m tests/unit/analytics/metrics-calculator.test.ts[2m > [22mMetricsCalculator[2m > [22mcalculateAvgIssueResolutionTime[2m > [22mshould return average issue resolution time in hours
 [32mΓ£ô[39m tests/unit/analytics/metrics-calculator.test.ts[2m > [22mMetricsCalculator[2m > [22mcalculateAvgTimeToFirstReview[2m > [22mshould return average time to first review in hours
 [32mΓ£ô[39m tests/unit/analytics/metrics-calculator.test.ts[2m > [22mMetricsCalculator[2m > [22mcalculateAvgPrSize[2m > [22mshould return average PR size (total changes)
 [32mΓ£ô[39m tests/unit/analytics/metrics-calculator.test.ts[2m > [22mMetricsCalculator[2m > [22mcalculateIssueVsPrRatio[2m > [22mshould return issue vs PR ratio
 [32mΓ£ô[39m tests/unit/analytics/metrics-calculator.test.ts[2m > [22mMetricsCalculator[2m > [22mcalculateMostCommonLabel[2m > [22mshould return label with highest count
 [32mΓ£ô[39m tests/unit/analytics/metrics-calculator.test.ts[2m > [22mMetricsCalculator[2m > [22mcalculateMostCommonLabel[2m > [22mshould return null if no labels
 [32mΓ£ô[39m tests/unit/analytics/metrics-calculator.test.ts[2m > [22mMetricsCalculator[2m > [22mcalculateNewContributorPercentage[2m > [22mshould calculate percentage of new contributors
 [32mΓ£ô[39m tests/unit/analytics/metrics-calculator.test.ts[2m > [22mMetricsCalculator[2m > [22mcalculateNewContributorPercentage[2m > [22mshould return 0 if no contributors
 [32mΓ£ô[39m tests/unit/analytics/metrics-calculator.test.ts[2m > [22mMetricsCalculator[2m > [22mcalculateContributorConcentration[2m > [22mshould calculate what percentage of work is done by top contributor
 [32mΓ£ô[39m tests/unit/analytics/metrics-calculator.test.ts[2m > [22mMetricsCalculator[2m > [22mcalculateContributorConcentration[2m > [22mshould return 0 if no contributors
 [32mΓ£ô[39m tests/unit/analytics/metrics-calculator.test.ts[2m > [22mMetricsCalculator[2m > [22mcalculateContributorConcentration[2m > [22mshould return 0 if total contributions is 0
 [32mΓ£ô[39m tests/unit/analytics/metrics-calculator.test.ts[2m > [22mMetricsCalculator[2m > [22mcalculateReviewParticipationRate[2m > [22mshould calculate percentage of contributors who review
 [32mΓ£ô[39m tests/unit/analytics/metrics-calculator.test.ts[2m > [22mMetricsCalculator[2m > [22mcalculateReviewParticipationRate[2m > [22mshould return 0 if no contributors
 [32mΓ£ô[39m tests/unit/analytics/metrics-calculator.test.ts[2m > [22mMetricsCalculator[2m > [22mcalculateCommitVelocity[2m > [22mshould calculate commits per day
 [32mΓ£ô[39m tests/unit/analytics/metrics-calculator.test.ts[2m > [22mMetricsCalculator[2m > [22mcalculateCommitVelocity[2m > [22mshould return 0 if no commit data
 [32mΓ£ô[39m tests/unit/analytics/metrics-calculator.test.ts[2m > [22mMetricsCalculator[2m > [22mcalculatePrThroughput[2m > [22mshould calculate merged PRs per day
 [32mΓ£ô[39m tests/unit/analytics/metrics-calculator.test.ts[2m > [22mMetricsCalculator[2m > [22mcalculatePrThroughput[2m > [22mshould handle same start and end date
 [32mΓ£ô[39m tests/unit/analytics/metrics-calculator.test.ts[2m > [22mMetricsCalculator[2m > [22mcalculateCodeChurnRate[2m > [22mshould calculate ratio of deletions to additions
 [32mΓ£ô[39m tests/unit/analytics/metrics-calculator.test.ts[2m > [22mMetricsCalculator[2m > [22mcalculateCodeChurnRate[2m > [22mshould return 0 if no additions
 [32mΓ£ô[39m tests/unit/scanner/repo-scanner.test.ts[2m > [22mrepo-scanner[2m > [22mlistUserRepositories[2m > [22mshould list repositories for authenticated user
 [32mΓ£ô[39m tests/unit/scanner/repo-scanner.test.ts[2m > [22mrepo-scanner[2m > [22mlistUserRepositories[2m > [22mshould list repositories for specific user
 [32mΓ£ô[39m tests/unit/scanner/repo-scanner.test.ts[2m > [22mrepo-scanner[2m > [22mlistUserRepositories[2m > [22mshould handle repositories without description
 [32mΓ£ô[39m tests/unit/scanner/repo-scanner.test.ts[2m > [22mrepo-scanner[2m > [22mlistUserRepositories[2m > [22mshould throw on API error
 [32mΓ£ô[39m tests/unit/scanner/repo-scanner.test.ts[2m > [22mrepo-scanner[2m > [22mlistOrgRepositories[2m > [22mshould list repositories for organization
 [32mΓ£ô[39m tests/unit/scanner/repo-scanner.test.ts[2m > [22mrepo-scanner[2m > [22mlistOrgRepositories[2m > [22mshould throw on API error
 [32mΓ£ô[39m tests/unit/scanner/repo-scanner.test.ts[2m > [22mrepo-scanner[2m > [22mgetRepository[2m > [22mshould get repository information
 [32mΓ£ô[39m tests/unit/scanner/repo-scanner.test.ts[2m > [22mrepo-scanner[2m > [22mgetRepository[2m > [22mshould throw on API error
 [32mΓ£ô[39m tests/unit/scanner/repo-scanner.test.ts[2m > [22mrepo-scanner[2m > [22mfilterRepositories[2m > [22mshould filter repositories by name
 [32mΓ£ô[39m tests/unit/scanner/repo-scanner.test.ts[2m > [22mrepo-scanner[2m > [22mfilterRepositories[2m > [22mshould filter repositories by description
 [32mΓ£ô[39m tests/unit/scanner/repo-scanner.test.ts[2m > [22mrepo-scanner[2m > [22mfilterRepositories[2m > [22mshould be case-insensitive
 [32mΓ£ô[39m tests/unit/scanner/repo-scanner.test.ts[2m > [22mrepo-scanner[2m > [22mfilterRepositories[2m > [22mshould return multiple matches
 [32mΓ£ô[39m tests/unit/scanner/repo-scanner.test.ts[2m > [22mrepo-scanner[2m > [22mfilterRepositories[2m > [22mshould return empty array for no matches
 [32mΓ£ô[39m tests/unit/scanner/repo-scanner.test.ts[2m > [22mrepo-scanner[2m > [22mfilterRepositories[2m > [22mshould filter by partial matches
 [32mΓ£ô[39m tests/unit/analytics/exporter-factory.test.ts[2m > [22mAnalyticsExporterFactory[2m > [22mcreateExporters[2m > [22mshould create markdown exporter for markdown format
 [32mΓ£ô[39m tests/unit/analytics/exporter-factory.test.ts[2m > [22mAnalyticsExporterFactory[2m > [22mcreateExporters[2m > [22mshould create json exporter for json format
 [32mΓ£ô[39m tests/unit/analytics/exporter-factory.test.ts[2m > [22mAnalyticsExporterFactory[2m > [22mcreateExporters[2m > [22mshould create markdown exporter for pdf format
 [32mΓ£ô[39m tests/unit/analytics/exporter-factory.test.ts[2m > [22mAnalyticsExporterFactory[2m > [22mcreateExporters[2m > [22mshould throw error for unknown format
 [32mΓ£ô[39m tests/unit/analytics/exporter-factory.test.ts[2m > [22mAnalyticsExporterFactory[2m > [22mcreateExporter[2m > [22mshould create markdown exporter for markdown format
 [32mΓ£ô[39m tests/unit/analytics/exporter-factory.test.ts[2m > [22mAnalyticsExporterFactory[2m > [22mcreateExporter[2m > [22mshould create json exporter for json format
 [32mΓ£ô[39m tests/unit/analytics/exporter-factory.test.ts[2m > [22mAnalyticsExporterFactory[2m > [22mMarkdownAnalyticsExporter[2m > [22mshould export report in markdown format
 [32mΓ£ô[39m tests/unit/analytics/exporter-factory.test.ts[2m > [22mAnalyticsExporterFactory[2m > [22mMarkdownAnalyticsExporter[2m > [22mshould use default version when not provided
 [32mΓ£ô[39m tests/unit/analytics/exporter-factory.test.ts[2m > [22mAnalyticsExporterFactory[2m > [22mMarkdownAnalyticsExporter[2m > [22mshould return .md file extension
 [32mΓ£ô[39m tests/unit/analytics/exporter-factory.test.ts[2m > [22mAnalyticsExporterFactory[2m > [22mMarkdownAnalyticsExporter[2m > [22mshould return markdown format name
 [32mΓ£ô[39m tests/unit/analytics/exporter-factory.test.ts[2m > [22mAnalyticsExporterFactory[2m > [22mJsonAnalyticsExporter[2m > [22mshould export report in json format
 [32mΓ£ô[39m tests/unit/analytics/exporter-factory.test.ts[2m > [22mAnalyticsExporterFactory[2m > [22mJsonAnalyticsExporter[2m > [22mshould format json with 2 space indentation
 [32mΓ£ô[39m tests/unit/analytics/exporter-factory.test.ts[2m > [22mAnalyticsExporterFactory[2m > [22mJsonAnalyticsExporter[2m > [22mshould return .json file extension
 [32mΓ£ô[39m tests/unit/analytics/exporter-factory.test.ts[2m > [22mAnalyticsExporterFactory[2m > [22mJsonAnalyticsExporter[2m > [22mshould return json format name
 [32mΓ£ô[39m tests/unit/analytics/exporter-factory.test.ts[2m > [22mAnalyticsExporterFactory[2m > [22mExporter interface compliance[2m > [22mshould implement AnalyticsExporter interface for markdown
 [32mΓ£ô[39m tests/unit/analytics/exporter-factory.test.ts[2m > [22mAnalyticsExporterFactory[2m > [22mExporter interface compliance[2m > [22mshould implement AnalyticsExporter interface for json
 [32mΓ£ô[39m tests/unit/core/cache.test.ts[2m > [22mCache[2m > [22minitialization[2m > [22mshould create cache directory on init
 [32mΓ£ô[39m tests/unit/core/cache.test.ts[2m > [22mCache[2m > [22minitialization[2m > [22mshould not fail if cache directory already exists
 [32mΓ£ô[39m tests/unit/core/cache.test.ts[2m > [22mCache[2m > [22mset and get[2m > [22mshould store and retrieve data
 [32mΓ£ô[39m tests/unit/core/cache.test.ts[2m > [22mCache[2m > [22mset and get[2m > [22mshould store data with etag
 [32mΓ£ô[39m tests/unit/core/cache.test.ts[2m > [22mCache[2m > [22mset and get[2m > [22mshould return null for non-existent key
[90mstdout[2m | tests/unit/analytics/analytics-processor.test.ts[2m > [22m[2mAnalyticsProcessor[2m > [22m[2mgenerateReport[2m > [22m[2mshould generate a complete analytics report[22m[39m
[INFO] Generating analytics report for test-owner/test-repo...
[INFO] Generating advanced analytics (Review Velocity, Trends, Correlations, Projections)...
[INFO] Validating report for numerical consistency...
[INFO] Validating analytics report for numerical consistency...
[OK] Γ£à Report validation passed (23/27 checks)
[INFO] [PASSED] Report validation passed with 4 warnings
[INFO] Comparing metrics against industry benchmarks...
[INFO] Comparing repository metrics to industry benchmarks...
[INFO] Generating executive narrative and insights...
[INFO] Generating executive narrative...
[INFO] Analytics report saved as Markdown: test-output\test-owner-test-repo-analytics.md
[OK] [OK] Analytics report generated in 0.03s
PRs: { merged: [33m1[39m, closed: [33m1[39m, mergeRate: [33m50[39m }

[90mstdout[2m | tests/unit/analytics/analytics-processor.test.ts[2m > [22m[2mAnalyticsProcessor[2m > [22m[2mgenerateReport[2m > [22m[2mshould handle API errors gracefully[22m[39m
[INFO] Generating analytics report for test-owner/test-repo...
[INFO] Generating advanced analytics (Review Velocity, Trends, Correlations, Projections)...
[INFO] Validating report for numerical consistency...
[INFO] Validating analytics report for numerical consistency...
[OK] Γ£à Report validation passed (19/23 checks)
[INFO] [PASSED] Report validation passed with 4 warnings
[INFO] Comparing metrics against industry benchmarks...
[INFO] Comparing repository metrics to industry benchmarks...
[INFO] Generating executive narrative and insights...
[INFO] Generating executive narrative...
[INFO] Analytics report saved as Markdown: test-output\test-owner-test-repo-analytics.md
[OK] [OK] Analytics report generated in 0.00s

node.exe : [90mstderr[2m | tests/unit/analytics/analytics-processor.test.ts[2m > 
[22m[2mAnalyticsProcessor[2m > [22m[2mgenerateReport[2m > [22m[2mshould handle API errors 
gracefully[22m[39m
At line:1 char:1
+ & "C:\Program Files\nodejs/node.exe" "C:\Program Files\nodejs/node_mo ...
+ ~~~~~~~~~~~~~~~~~~~~~~~~~~~~~~~~~~~~~~~~~~~~~~~~~~~~~~~~~~~~~~~~~~~~~
    + CategoryInfo          : NotSpecified: ([90mstderr[2m...fully[22m[39m:String) [], RemoteException
    + FullyQualifiedErrorId : NativeCommandError
 
[ERROR] Activity analytics failed: API Error
[ERROR] Contributor analytics failed: API Error
[ERROR] Label analytics failed: API Error
[ERROR] Health analytics failed: API Error
[ERROR] Review velocity analytics failed: API Error
[ERROR] Temporal trends analytics failed: API Error
[ERROR] Correlation analytics failed: API Error
[ERROR] Projections analytics failed: API Error

 [32mΓ£ô[39m tests/unit/analytics/analytics-processor.test.ts[2m > [22mAnalyticsProcessor[2m > [22mshould create an instance of AnalyticsProcessor
 [32mΓ£ô[39m tests/unit/analytics/analytics-processor.test.ts[2m > [22mAnalyticsProcessor[2m > [22mshould have a generateReport method
 [32mΓ£ô[39m tests/unit/analytics/analytics-processor.test.ts[2m > [22mAnalyticsProcessor[2m > [22mgenerateReport[2m > [22mshould generate a complete analytics report
 [32mΓ£ô[39m tests/unit/analytics/analytics-processor.test.ts[2m > [22mAnalyticsProcessor[2m > [22mgenerateReport[2m > [22mshould handle API errors gracefully
 [32mΓ£ô[39m tests/unit/analytics/analytics-processor.test.ts[2m > [22mAnalyticsProcessor[2m > [22mindividual analytics modules[2m > [22mshould generate activity analytics
 [32mΓ£ô[39m tests/unit/analytics/analytics-processor.test.ts[2m > [22mAnalyticsProcessor[2m > [22mindividual analytics modules[2m > [22mshould generate contributor analytics
 [32mΓ£ô[39m tests/unit/analytics/analytics-processor.test.ts[2m > [22mAnalyticsProcessor[2m > [22mindividual analytics modules[2m > [22mshould generate label analytics
 [32mΓ£ô[39m tests/unit/analytics/analytics-processor.test.ts[2m > [22mAnalyticsProcessor[2m > [22mindividual analytics modules[2m > [22mshould generate health analytics
 [32mΓ£ô[39m tests/unit/core/cache.test.ts[2m > [22mCache[2m > [22mset and get[2m > [22mshould handle custom TTL
 [32mΓ£ô[39m tests/unit/core/cache.test.ts[2m > [22mCache[2m > [22mexpiration[2m > [22mshould return null for expired entries
 [32mΓ£ô[39m tests/unit/core/cache.test.ts[2m > [22mCache[2m > [22mexpiration[2m > [22mshould not return expired entries even with valid etag
 [32mΓ£ô[39m tests/unit/core/cache.test.ts[2m > [22mCache[2m > [22mhas[2m > [22mshould return true for existing key
 [32mΓ£ô[39m tests/unit/core/cache.test.ts[2m > [22mCache[2m > [22mhas[2m > [22mshould return false for non-existent key
[90mstdout[2m | tests/unit/core/cache.test.ts[2m > [22m[2mCache[2m > [22m[2mclear[2m > [22m[2mshould clear all cache entries[22m[39m
[INFO] Cache cleared

[90mstdout[2m | tests/unit/core/cache.test.ts[2m > [22m[2mCache[2m > [22m[2mclear[2m > [22m[2mshould not fail on empty cache[22m[39m
[INFO] Cache cleared

[90mstderr[2m | tests/unit/core/cache.test.ts[2m > [22m[2mCache[2m > [22m[2merror handling[2m > 
[22m[2mshould handle corrupted cache files[22m[39m
[WARN] Failed to read cache for key test-key: SyntaxError: Unexpected token 'i', "invalid json{{{" is not 
valid JSON

[90mstderr[2m | tests/unit/utils/retry.test.ts[2m > [22m[2mretry utilities[2m > 
[22m[2mwithRetry[2m > [22m[2mshould retry on failure and eventually succeed[22m[39m
[WARN] Attempt 1/3 failed: fail 1. Retrying in 1000ms...

[90mstderr[2m | tests/unit/utils/retry.test.ts[2m > [22m[2mretry utilities[2m > 
[22m[2mwithRetry[2m > [22m[2mshould retry on failure and eventually succeed[22m[39m
[WARN] Attempt 2/3 failed: fail 2. Retrying in 2000ms...

[90mstderr[2m | tests/unit/utils/retry.test.ts[2m > [22m[2mretry utilities[2m > 
[22m[2mwithRetry[2m > [22m[2mshould throw after max retries[22m[39m
[WARN] Attempt 1/2 failed: persistent failure. Retrying in 1000ms...
[WARN] Attempt 2/2 failed: persistent failure. Retrying in 2000ms...

[90mstderr[2m | tests/unit/utils/retry.test.ts[2m > [22m[2mretry utilities[2m > 
[22m[2mwithRetry[2m > [22m[2mshould use exponential backoff[22m[39m
[WARN] Attempt 1/3 failed: fail 1. Retrying in 1000ms...
[WARN] Attempt 2/3 failed: fail 2. Retrying in 2000ms...

[90mstderr[2m | tests/unit/utils/retry.test.ts[2m > [22m[2mretry utilities[2m > 
[22m[2mwithRetry[2m > [22m[2mshould respect max delay[22m[39m
[WARN] Attempt 1/2 failed: fail. Retrying in 5000ms...

 [32mΓ£ô[39m tests/unit/core/cache.test.ts[2m > [22mCache[2m > [22mhas[2m > [22mshould return false for expired key
 [32mΓ£ô[39m tests/unit/core/cache.test.ts[2m > [22mCache[2m > [22mdelete[2m > [22mshould delete existing key
 [32mΓ£ô[39m tests/unit/core/cache.test.ts[2m > [22mCache[2m > [22mdelete[2m > [22mshould not throw for non-existent key
 [32mΓ£ô[39m tests/unit/core/cache.test.ts[2m > [22mCache[2m > [22mclear[2m > [22mshould clear all cache entries
 [32mΓ£ô[39m tests/unit/core/cache.test.ts[2m > [22mCache[2m > [22mclear[2m > [22mshould not fail on empty cache
 [32mΓ£ô[39m tests/unit/core/cache.test.ts[2m > [22mCache[2m > [22merror handling[2m > [22mshould handle corrupted cache files
 [32mΓ£ô[39m tests/unit/core/cache.test.ts[2m > [22mCache[2m > [22mstats[2m > [22mshould return cache statistics
 [32mΓ£ô[39m tests/unit/core/cache.test.ts[2m > [22mCache[2m > [22mstats[2m > [22mshould handle empty cache stats
[90mstderr[2m | tests/unit/utils/retry.test.ts[2m > [22m[2mretry utilities[2m > 
[22m[2mwithRetry[2m > [22m[2mshould call onRetry callback[22m[39m
[WARN] Attempt 1/2 failed: fail. Retrying in 1000ms...

[90mstderr[2m | tests/unit/utils/retry.test.ts[2m > [22m[2mretry utilities[2m > 
[22m[2mwithSmartRetry[2m > [22m[2mshould retry retryable errors[22m[39m
[WARN] Attempt 1/2 failed: ECONNRESET. Retrying in 1000ms...

[90mstderr[2m | tests/unit/utils/retry.test.ts[2m > [22m[2mretry utilities[2m > 
[22m[2mwithSmartRetry[2m > [22m[2mshould handle mixed error types[22m[39m
[WARN] Attempt 1/3 failed: ETIMEDOUT. Retrying in 1000ms...

 [32mΓ£ô[39m tests/unit/utils/retry.test.ts[2m > [22mretry utilities[2m > [22mwithRetry[2m > [22mshould succeed on first attempt
 [32mΓ£ô[39m tests/unit/utils/retry.test.ts[2m > [22mretry utilities[2m > [22mwithRetry[2m > [22mshould retry on failure and eventually succeed
 [32mΓ£ô[39m tests/unit/utils/retry.test.ts[2m > [22mretry utilities[2m > [22mwithRetry[2m > [22mshould throw after max retries
 [32mΓ£ô[39m tests/unit/utils/retry.test.ts[2m > [22mretry utilities[2m > [22mwithRetry[2m > [22mshould use exponential backoff
 [32mΓ£ô[39m tests/unit/utils/retry.test.ts[2m > [22mretry utilities[2m > [22mwithRetry[2m > [22mshould respect max delay
 [32mΓ£ô[39m tests/unit/utils/retry.test.ts[2m > [22mretry utilities[2m > [22mwithRetry[2m > [22mshould call onRetry callback
 [32mΓ£ô[39m tests/unit/utils/retry.test.ts[2m > [22mretry utilities[2m > [22misRetryableError[2m > [22mshould identify network errors as retryable
 [32mΓ£ô[39m tests/unit/utils/retry.test.ts[2m > [22mretry utilities[2m > [22misRetryableError[2m > [22mshould identify non-network errors as non-retryable
 [32mΓ£ô[39m tests/unit/utils/retry.test.ts[2m > [22mretry utilities[2m > [22misRetryableError[2m > [22mshould be case-insensitive
 [32mΓ£ô[39m tests/unit/utils/retry.test.ts[2m > [22mretry utilities[2m > [22mwithSmartRetry[2m > [22mshould retry retryable errors
 [32mΓ£ô[39m tests/unit/utils/retry.test.ts[2m > [22mretry utilities[2m > [22mwithSmartRetry[2m > [22mshould not retry non-retryable errors
 [32mΓ£ô[39m tests/unit/utils/retry.test.ts[2m > [22mretry utilities[2m > [22mwithSmartRetry[2m > [22mshould handle mixed error types
 [32mΓ£ô[39m tests/e2e/cli-flow.test.ts[2m > [22mCLI E2E Tests[2m > [22mshould display help when --help flag is used[33m 879[2mms[22m[39m
[90mstdout[2m | tests/unit/utils/config.test.ts[2m > [22m[2mConfigManager[2m > [22m[2mload[2m > [22m[2mshould load configuration from local file[22m[39m
[INFO] Loaded configuration from: C:\Users\LeSoviet\AppData\Local\Temp\ghextractor-config-test-1764353701519\.ghextractorrc.json

[90mstderr[2m | tests/unit/utils/config.test.ts[2m > [22m[2mConfigManager[2m > [22m[2mload[2m > 
[22m[2mshould handle malformed JSON gracefully[22m[39m
[WARN] Failed to load config from 
C:\Users\LeSoviet\AppData\Local\Temp\ghextractor-config-test-1764353701527\.ghextractorrc.json: 
SyntaxError: Unexpected token 'i', "invalid json{{{" is not valid JSON

[90mstdout[2m | tests/unit/utils/config.test.ts[2m > [22m[2mConfigManager[2m > [22m[2mget[2m > [22m[2mshould get configuration value[22m[39m
[INFO] Loaded configuration from: C:\Users\LeSoviet\AppData\Local\Temp\ghextractor-config-test-1764353701532\.ghextractorrc.json

[90mstdout[2m | tests/unit/utils/config.test.ts[2m > [22m[2mConfigManager[2m > [22m[2msave[2m > [22m[2mshould save configuration to file[22m[39m
[INFO] Configuration saved to: C:\Users\LeSoviet\AppData\Local\Temp\ghextractor-config-test-1764353701544\.ghextractorrc.json

[90mstdout[2m | tests/unit/utils/config.test.ts[2m > [22m[2mConfigManager[2m > [22m[2msave[2m > [22m[2mshould persist configuration across instances[22m[39m
[INFO] Configuration saved to: C:\Users\LeSoviet\AppData\Local\Temp\ghextractor-config-test-1764353701548\.ghextractorrc.json

[90mstdout[2m | tests/unit/utils/config.test.ts[2m > [22m[2mConfigManager[2m > [22m[2msave[2m > [22m[2mshould persist configuration across instances[22m[39m
[INFO] Loaded configuration from: C:\Users\LeSoviet\AppData\Local\Temp\ghextractor-config-test-1764353701548\.ghextractorrc.json

[90mstdout[2m | tests/unit/utils/config.test.ts[2m > [22m[2mConfigManager[2m > [22m[2mcreateSample[2m > [22m[2mshould create sample configuration file[22m[39m
[INFO] Created sample configuration: C:\Users\LeSoviet\AppData\Local\Temp\ghextractor-config-test-1764353701558\.ghextractorrc.json

 [32mΓ£ô[39m tests/unit/utils/config.test.ts[2m > [22mConfigManager[2m > [22mload[2m > [22mshould load default configuration if no config file exists
 [32mΓ£ô[39m tests/unit/utils/config.test.ts[2m > [22mConfigManager[2m > [22mload[2m > [22mshould load configuration from local file
 [32mΓ£ô[39m tests/unit/utils/config.test.ts[2m > [22mConfigManager[2m > [22mload[2m > [22mshould cache loaded configuration
 [32mΓ£ô[39m tests/unit/utils/config.test.ts[2m > [22mConfigManager[2m > [22mload[2m > [22mshould handle malformed JSON gracefully
 [32mΓ£ô[39m tests/unit/utils/config.test.ts[2m > [22mConfigManager[2m > [22mget[2m > [22mshould get configuration value
 [32mΓ£ô[39m tests/unit/utils/config.test.ts[2m > [22mConfigManager[2m > [22mget[2m > [22mshould get default value for undefined keys
 [32mΓ£ô[39m tests/unit/utils/config.test.ts[2m > [22mConfigManager[2m > [22mset[2m > [22mshould set configuration value
 [32mΓ£ô[39m tests/unit/utils/config.test.ts[2m > [22mConfigManager[2m > [22mset[2m > [22mshould set format value
 [32mΓ£ô[39m tests/unit/utils/config.test.ts[2m > [22mConfigManager[2m > [22msave[2m > [22mshould save configuration to file
 [32mΓ£ô[39m tests/unit/utils/config.test.ts[2m > [22mConfigManager[2m > [22msave[2m > [22mshould persist configuration across instances
 [32mΓ£ô[39m tests/unit/utils/config.test.ts[2m > [22mConfigManager[2m > [22mexists[2m > [22mshould return false when no config file exists
 [32mΓ£ô[39m tests/unit/utils/config.test.ts[2m > [22mConfigManager[2m > [22mexists[2m > [22mshould return true when config file exists
 [32mΓ£ô[39m tests/unit/utils/config.test.ts[2m > [22mConfigManager[2m > [22mcreateSample[2m > [22mshould create sample configuration file
 [32mΓ£ô[39m tests/integration/exporters/prs.test.ts[2m > [22mPR Exporter Integration Tests[2m > [22mshould fetch and export pull requests
 [32mΓ£ô[39m tests/integration/exporters/prs.test.ts[2m > [22mPR Exporter Integration Tests[2m > [22mshould handle pagination for large PR lists
 [32mΓ£ô[39m tests/integration/exporters/prs.test.ts[2m > [22mPR Exporter Integration Tests[2m > [22mshould handle API errors gracefully
 [32mΓ£ô[39m tests/integration/exporters/prs.test.ts[2m > [22mPR Exporter Integration Tests[2m > [22mshould respect rate limits
 [32mΓ£ô[39m tests/integration/exporters/prs.test.ts[2m > [22mPR Exporter Integration Tests[2m > [22mshould export PRs in markdown format
 [32mΓ£ô[39m tests/integration/exporters/prs.test.ts[2m > [22mPR Exporter Integration Tests[2m > [22mshould export PRs in JSON format
 [32mΓ£ô[39m tests/integration/exporters/prs.test.ts[2m > [22mPR Exporter Integration Tests[2m > [22mshould sanitize filenames for PRs
 [32mΓ£ô[39m tests/unit/utils/template-engine.test.ts[2m > [22mtemplate-engine[2m > [22mcompileString[2m > [22mshould compile and render simple template with data
 [32mΓ£ô[39m tests/unit/utils/template-engine.test.ts[2m > [22mtemplate-engine[2m > [22mcompileString[2m > [22mshould handle multiple variables
 [32mΓ£ô[39m tests/unit/utils/template-engine.test.ts[2m > [22mtemplate-engine[2m > [22mcompileString[2m > [22mshould handle missing variables gracefully
 [32mΓ£ô[39m tests/unit/utils/template-engine.test.ts[2m > [22mtemplate-engine[2m > [22mcompileString[2m > [22mshould handle nested objects
 [32mΓ£ô[39m tests/unit/utils/template-engine.test.ts[2m > [22mtemplate-engine[2m > [22mcompileString[2m > [22mshould handle arrays with each helper
 [32mΓ£ô[39m tests/unit/utils/template-engine.test.ts[2m > [22mtemplate-engine[2m > [22mloadTemplate[2m > [22mshould load and render template from file
 [32mΓ£ô[39m tests/unit/utils/template-engine.test.ts[2m > [22mtemplate-engine[2m > [22mloadTemplate[2m > [22mshould cache loaded templates
 [32mΓ£ô[39m tests/unit/utils/template-engine.test.ts[2m > [22mtemplate-engine[2m > [22mloadTemplate[2m > [22mshould throw error for non-existent file
 [32mΓ£ô[39m tests/unit/utils/template-engine.test.ts[2m > [22mtemplate-engine[2m > [22mbuilt-in helpers[2m > [22mshould use uppercase helper
 [32mΓ£ô[39m tests/unit/utils/template-engine.test.ts[2m > [22mtemplate-engine[2m > [22mbuilt-in helpers[2m > [22mshould use join helper
 [32mΓ£ô[39m tests/unit/utils/template-engine.test.ts[2m > [22mtemplate-engine[2m > [22mbuilt-in helpers[2m > [22mshould use eq helper
 [32mΓ£ô[39m tests/unit/utils/template-engine.test.ts[2m > [22mtemplate-engine[2m > [22mbuilt-in helpers[2m > [22mshould use gt helper
 [32mΓ£ô[39m tests/unit/utils/template-engine.test.ts[2m > [22mtemplate-engine[2m > [22mbuilt-in helpers[2m > [22mshould use formatNumber helper
 [32mΓ£ô[39m tests/unit/utils/template-engine.test.ts[2m > [22mtemplate-engine[2m > [22mbuilt-in helpers[2m > [22mshould handle empty arrays in join helper
 [32mΓ£ô[39m tests/unit/utils/template-engine.test.ts[2m > [22mtemplate-engine[2m > [22mclearCache[2m > [22mshould clear template cache
 [32mΓ£ô[39m tests/unit/utils/sanitize.test.ts[2m > [22msanitize utilities[2m > [22msanitizeFilename[2m > [22mshould remove invalid characters
 [32mΓ£ô[39m tests/unit/utils/sanitize.test.ts[2m > [22msanitize utilities[2m > [22msanitizeFilename[2m > [22mshould replace spaces with hyphens
 [32mΓ£ô[39m tests/unit/utils/sanitize.test.ts[2m > [22msanitize utilities[2m > [22msanitizeFilename[2m > [22mshould replace multiple hyphens with single hyphen
 [32mΓ£ô[39m tests/unit/utils/sanitize.test.ts[2m > [22msanitize utilities[2m > [22msanitizeFilename[2m > [22mshould remove leading and trailing hyphens
 [32mΓ£ô[39m tests/unit/utils/sanitize.test.ts[2m > [22msanitize utilities[2m > [22msanitizeFilename[2m > [22mshould limit length to 255 characters
 [32mΓ£ô[39m tests/unit/utils/sanitize.test.ts[2m > [22msanitize utilities[2m > [22msanitizeFilename[2m > [22mshould handle control characters
 [32mΓ£ô[39m tests/unit/utils/sanitize.test.ts[2m > [22msanitize utilities[2m > [22mdecodeUnicode[2m > [22mshould decode unicode escape sequences
 [32mΓ£ô[39m tests/unit/utils/sanitize.test.ts[2m > [22msanitize utilities[2m > [22mdecodeUnicode[2m > [22mshould handle multiple unicode sequences
 [32mΓ£ô[39m tests/unit/utils/sanitize.test.ts[2m > [22msanitize utilities[2m > [22mdecodeUnicode[2m > [22mshould return original string if decoding fails
 [32mΓ£ô[39m tests/unit/utils/sanitize.test.ts[2m > [22msanitize utilities[2m > [22mdecodeUnicode[2m > [22mshould handle mixed content
 [32mΓ£ô[39m tests/unit/utils/sanitize.test.ts[2m > [22msanitize utilities[2m > [22mescapeMarkdown[2m > [22mshould escape markdown special characters
 [32mΓ£ô[39m tests/unit/utils/sanitize.test.ts[2m > [22msanitize utilities[2m > [22mescapeMarkdown[2m > [22mshould escape brackets and parentheses
 [32mΓ£ô[39m tests/unit/utils/sanitize.test.ts[2m > [22msanitize utilities[2m > [22mescapeMarkdown[2m > [22mshould escape backslashes
 [32mΓ£ô[39m tests/unit/utils/sanitize.test.ts[2m > [22msanitize utilities[2m > [22mescapeMarkdown[2m > [22mshould handle empty string
 [32mΓ£ô[39m tests/unit/utils/sanitize.test.ts[2m > [22msanitize utilities[2m > [22mtruncate[2m > [22mshould truncate long text
 [32mΓ£ô[39m tests/unit/utils/sanitize.test.ts[2m > [22msanitize utilities[2m > [22mtruncate[2m > [22mshould not truncate short text
 [32mΓ£ô[39m tests/unit/utils/sanitize.test.ts[2m > [22msanitize utilities[2m > [22mtruncate[2m > [22mshould use custom suffix
 [32mΓ£ô[39m tests/unit/utils/sanitize.test.ts[2m > [22msanitize utilities[2m > [22mtruncate[2m > [22mshould handle exact length
 [32mΓ£ô[39m tests/unit/utils/sanitize.test.ts[2m > [22msanitize utilities[2m > [22mtoKebabCase[2m > [22mshould convert to kebab-case
 [32mΓ£ô[39m tests/unit/utils/sanitize.test.ts[2m > [22msanitize utilities[2m > [22mtoKebabCase[2m > [22mshould handle special characters
 [32mΓ£ô[39m tests/unit/utils/sanitize.test.ts[2m > [22msanitize utilities[2m > [22mtoKebabCase[2m > [22mshould remove leading and trailing hyphens
 [32mΓ£ô[39m tests/unit/utils/sanitize.test.ts[2m > [22msanitize utilities[2m > [22mtoKebabCase[2m > [22mshould handle numbers
 [32mΓ£ô[39m tests/unit/utils/sanitize.test.ts[2m > [22msanitize utilities[2m > [22mtoKebabCase[2m > [22mshould handle already kebab-case strings
 [32mΓ£ô[39m tests/unit/cli/commands/version-command.test.ts[2m > [22mVersionCommand[2m > [22mshould display version from package.json when available
 [32mΓ£ô[39m tests/unit/cli/commands/version-command.test.ts[2m > [22mVersionCommand[2m > [22mshould display "unknown" when package.json is not found
 [32mΓ£ô[39m tests/unit/cli/commands/version-command.test.ts[2m > [22mVersionCommand[2m > [22mshould display "unknown" when package.json is invalid
 [32mΓ£ô[39m tests/unit/cli/commands/version-command.test.ts[2m > [22mVersionCommand[2m > [22mshould display "unknown" when package.json has no version field
 [32mΓ£ô[39m tests/unit/cli/commands/version-command.test.ts[2m > [22mVersionCommand[2m > [22mshould display "unknown" when package.json has different name
 [32mΓ£ô[39m tests/e2e/cli-flow.test.ts[2m > [22mCLI E2E Tests[2m > [22mshould display version when --version flag is used[33m 761[2mms[22m[39m
 [32mΓ£ô[39m tests/unit/utils/output.test.ts[2m > [22moutput utilities[2m > [22mbuildOutputPath[2m > [22mshould build correct output path
 [32mΓ£ô[39m tests/unit/utils/output.test.ts[2m > [22moutput utilities[2m > [22mbuildOutputPath[2m > [22mshould handle absolute paths
 [32mΓ£ô[39m tests/unit/utils/output.test.ts[2m > [22moutput utilities[2m > [22mbuildOutputPath[2m > [22mshould normalize paths correctly
 [32mΓ£ô[39m tests/unit/utils/output.test.ts[2m > [22moutput utilities[2m > [22mensureDirectory[2m > [22mshould create directory if it does not exist
 [32mΓ£ô[39m tests/unit/utils/output.test.ts[2m > [22moutput utilities[2m > [22mensureDirectory[2m > [22mshould not throw if directory already exists
 [32mΓ£ô[39m tests/unit/utils/output.test.ts[2m > [22moutput utilities[2m > [22mensureDirectory[2m > [22mshould create nested directories
 [32mΓ£ô[39m tests/unit/utils/output.test.ts[2m > [22moutput utilities[2m > [22mgenerateFilename[2m > [22mshould generate filename with prefix and identifier
 [32mΓ£ô[39m tests/unit/utils/output.test.ts[2m > [22moutput utilities[2m > [22mgenerateFilename[2m > [22mshould generate filename with string identifier
 [32mΓ£ô[39m tests/unit/utils/output.test.ts[2m > [22moutput utilities[2m > [22mgenerateFilename[2m > [22mshould sanitize special characters
 [32mΓ£ô[39m tests/unit/utils/logger.test.ts[2m > [22mlogger[2m > [22mshould log error messages
 [32mΓ£ô[39m tests/unit/utils/logger.test.ts[2m > [22mlogger[2m > [22mshould log warning messages
 [32mΓ£ô[39m tests/unit/utils/logger.test.ts[2m > [22mlogger[2m > [22mshould log info messages
 [32mΓ£ô[39m tests/unit/utils/logger.test.ts[2m > [22mlogger[2m > [22mshould log debug messages
 [32mΓ£ô[39m tests/unit/utils/logger.test.ts[2m > [22mlogger[2m > [22mshould format messages with prefix
 [32mΓ£ô[39m tests/e2e/cli-flow.test.ts[2m > [22mCLI E2E Tests[2m > [22mshould check GitHub CLI installation[33m 1142[2mms[22m[39m
 [32mΓ£ô[39m tests/e2e/cli-flow.test.ts[2m > [22mCLI E2E Tests[2m > [22mshould handle missing GitHub CLI gracefully[33m 1054[2mms[22m[39m
 [32mΓ£ô[39m tests/e2e/cli-flow.test.ts[2m > [22mCLI E2E Tests[2m > [22mshould export PRs with default settings
 [32mΓ£ô[39m tests/e2e/cli-flow.test.ts[2m > [22mCLI E2E Tests[2m > [22mshould export to custom output directory[33m 598[2mms[22m[39m
 [32mΓ£ô[39m tests/e2e/cli-flow.test.ts[2m > [22mCLI E2E Tests[2m > [22mshould export in JSON format[33m 618[2mms[22m[39m
 [32mΓ£ô[39m tests/e2e/cli-flow.test.ts[2m > [22mCLI E2E Tests[2m > [22mshould export in Markdown format[33m 634[2mms[22m[39m
 [32mΓ£ô[39m tests/e2e/cli-flow.test.ts[2m > [22mCLI E2E Tests[2m > [22mshould handle rate limit errors gracefully
 [32mΓ£ô[39m tests/e2e/cli-flow.test.ts[2m > [22mCLI E2E Tests[2m > [22mshould resume interrupted exports
 [32mΓ£ô[39m tests/e2e/cli-flow.test.ts[2m > [22mCLI E2E Tests[2m > [22mshould validate configuration file[33m 599[2mms[22m[39m
 [32mΓ£ô[39m tests/e2e/cli-flow.test.ts[2m > [22mCLI E2E Tests[2m > [22mshould handle invalid configuration gracefully[33m 582[2mms[22m[39m
 [32mΓ£ô[39m tests/e2e/cli-flow.test.ts[2m > [22mCLI E2E Tests[2m > [22mshould display progress during export[33m 596[2mms[22m[39m
 [32mΓ£ô[39m tests/e2e/cli-flow.test.ts[2m > [22mCLI E2E Tests[2m > [22mshould support dry-run mode[33m 602[2mms[22m[39m
 [32mΓ£ô[39m tests/e2e/cli-flow.test.ts[2m > [22mCLI E2E Tests[2m > [22mshould filter exports by date range[33m 610[2mms[22m[39m
 [32mΓ£ô[39m tests/e2e/cli-flow.test.ts[2m > [22mCLI E2E Tests[2m > [22mshould filter exports by labels[33m 600[2mms[22m[39m
 [32mΓ£ô[39m tests/e2e/cli-flow.test.ts[2m > [22mCLI E2E Tests[2m > [22mshould handle network errors with retry
 [32mΓ£ô[39m tests/e2e/cli-flow.test.ts[2m > [22mCLI E2E Tests[2m > [22mshould export full repository backup[33m 604[2mms[22m[39m
 [32mΓ£ô[39m tests/e2e/cli-flow.test.ts[2m > [22mCLI E2E Tests[2m > [22mshould use custom templates[33m 613[2mms[22m[39m
 [32mΓ£ô[39m tests/unit/version-checker.test.ts[2m > [22mVersion Checker[2m > [22mshould get current version from package.json
 [32mΓ£ô[39m tests/unit/version-checker.test.ts[2m > [22mVersion Checker[2m > [22mshould return a valid semver version

[2m Test Files [22m [1m[32m16 passed[39m[22m[90m (16)[39m
[2m      Tests [22m [1m[32m206 passed[39m[22m[90m (206)[39m
[2m   Start at [22m 15:14:59
[2m   Duration [22m 12.08s[2m (transform 540ms, setup 2ms, collect 2.28s, tests 11.24s, environment 3ms, prepare 2.84s)[22m


[1m[7m[32m PASS [39m[27m[22m[32m Waiting for file changes...[39m
       [2mpress [22m[1mh[22m[2m to show help[22m[2m, [22m[2mpress [22m[1mq[22m[2m to quit[22m
^C
